[cosmiqsnft.mint-public.com/index.html]
[backblue.gif]
[fade.gif]
[index.html]
[cdnjs.cloudflare.com/ajax/libs/toastr.js/latest/toastr.min.css]
[cosmiqsnft.mint-public.com/css/fonts.css]
[pbs.twimg.com/profile_images/1491303757233197056/4I4cemco_400x400.jpg]
[cdnjs.cloudflare.com/ajax/libs/jquery/3.6.0/jquery.min.js]
[cosmiqsnft.mint-public.com/gif.gif]
[cdnjs.cloudflare.com/ajax/libs/toastr.js/latest/toastr.min.js]
[cosmiqsnft.mint-public.com/img/metamask-logo-horizontal.svg]
[cosmiqsnft.mint-public.com/img/metamask-fox.svg]
[cosmiqsnft.mint-public.com/index.html]
[cdnjs.cloudflare.com/ajax/libs/toastr.js/latest/toastr.min.css]
[cosmiqsnft.mint-public.com/css/fonts/Satoshi-Black.woff2]
[cosmiqsnft.mint-public.com/css/fonts/Satoshi-Black.woff]
[cosmiqsnft.mint-public.com/css/fonts/Satoshi-Black.ttf]
[cosmiqsnft.mint-public.com/css/fonts.css]
[cosmiqsnft.mint-public.com/3.html]
[cosmiqsnft.mint-public.com/img/caret-down.svg]
[cosmiqsnft.mint-public.com/img/metamask-logo-horizontal.svg]
[cosmiqsnft.mint-public.com/img/metamask-fox.svg]
[cosmiqsnft.mint-public.com/css/fonts/satoshi-variable.html]
[cosmiqsnft.mint-public.com/css/fonts/satoshi-variable-2.html]
[cosmiqsnft.mint-public.com/css/fonts/satoshi-variable-3.html]
[cosmiqsnft.mint-public.com/css/fonts/satoshi-variableitalic.html]
[cosmiqsnft.mint-public.com/css/fonts/satoshi-variableitalic-2.html]
[cosmiqsnft.mint-public.com/css/fonts/satoshi-variableitalic-3.html]
[cosmiqsnft.mint-public.com/css/fonts/satoshi-lightitalic.html]
[cosmiqsnft.mint-public.com/css/fonts/satoshi-lightitalic-2.html]
[cosmiqsnft.mint-public.com/css/fonts/satoshi-lightitalic-3.html]
[cosmiqsnft.mint-public.com/css/fonts/satoshi-light.html]
[cosmiqsnft.mint-public.com/css/fonts/satoshi-light-2.html]
[cosmiqsnft.mint-public.com/css/fonts/satoshi-light-3.html]
[cosmiqsnft.mint-public.com/css/fonts/satoshi-regular.html]
[cosmiqsnft.mint-public.com/css/fonts/satoshi-regular-2.html]
[cosmiqsnft.mint-public.com/css/fonts/satoshi-regular-3.html]
[cosmiqsnft.mint-public.com/css/fonts/satoshi-italic.html]
[cosmiqsnft.mint-public.com/css/fonts/satoshi-italic-2.html]
[cosmiqsnft.mint-public.com/css/fonts/satoshi-italic-3.html]
[cosmiqsnft.mint-public.com/css/fonts/satoshi-mediumitalic.html]
[cosmiqsnft.mint-public.com/css/fonts/satoshi-mediumitalic-2.html]
[cosmiqsnft.mint-public.com/css/fonts/satoshi-mediumitalic-3.html]
[cosmiqsnft.mint-public.com/css/fonts/Satoshi-Medium.html]
[cosmiqsnft.mint-public.com/css/fonts/Satoshi-Medium-2.html]
[cosmiqsnft.mint-public.com/css/fonts/Satoshi-Medium-3.html]
[cosmiqsnft.mint-public.com/css/fonts/satoshi-bolditalic.html]
[cosmiqsnft.mint-public.com/css/fonts/satoshi-bolditalic-2.html]
[cosmiqsnft.mint-public.com/css/fonts/satoshi-bolditalic-3.html]
[cosmiqsnft.mint-public.com/css/fonts/Satoshi-Bold.html]
[cosmiqsnft.mint-public.com/css/fonts/Satoshi-Bold-2.html]
[cosmiqsnft.mint-public.com/css/fonts/Satoshi-Bold-3.html]
[cosmiqsnft.mint-public.com/css/fonts/satoshi-blackitalic.html]
[cosmiqsnft.mint-public.com/css/fonts/satoshi-blackitalic-2.html]
[cosmiqsnft.mint-public.com/css/fonts/satoshi-blackitalic-3.html]
